npx : ΓùÅ Validation Warning:
At line:1 char:1
+ npx jest 
--testPathPattern="__tests__/unit" 
--verbose --forceExit 2>& ...
+ ~~~~~~~~~~~~~~~~~~~~~~~~~~~~~~~~~~~~~~~~~
~~~~~~~~~~~~~~~~~~~~~~~~~~~~
    + CategoryInfo          : NotSpecified 
   : (ΓùÅ Validation Warning::String) [],  
   RemoteException
    + FullyQualifiedErrorId : NativeComman 
   dError
 

  Unknown option "setupFilesAfterSetup" 
with value [] was found.
  This is probably a typing mistake. 
Fixing it will remove this message.

  Configuration Documentation:
  https://jestjs.io/docs/configuration

ΓùÅ Validation Warning:

  Unknown option "coverageThresholds" with 
value {"global": {"branches": 50, 
"functions": 60, "lines": 60, 
"statements": 60}} was found. Did you mean 
"coverageThreshold"?
  This is probably a typing mistake. 
Fixing it will remove this message.

  Configuration Documentation:
  https://jestjs.io/docs/configuration

ΓùÅ Validation Warning:

  Unknown option "setupFilesAfterSetup" 
with value [] was found.
  This is probably a typing mistake. 
Fixing it will remove this message.

  Configuration Documentation:
  https://jestjs.io/docs/configuration

ΓùÅ Validation Warning:

  Unknown option "coverageThresholds" with 
value {"global": {"branches": 50, 
"functions": 60, "lines": 60, 
"statements": 60}} was found. Did you mean 
"coverageThreshold"?
  This is probably a typing mistake. 
Fixing it will remove this message.

  Configuration Documentation:
  https://jestjs.io/docs/configuration

FAIL __tests__/unit/security.test.js
  sanitizeParams middleware
    ΓêÜ passes through when no :id param 
(7 ms)
    ΓêÜ allows valid positive integer ID
    ΓêÜ rejects non-numeric ID (1 ms)
    ΓêÜ rejects negative ID (1 ms)
    ΓêÜ rejects zero ID
    ΓêÜ rejects float ID (1 ms)
    ├ù rejects SQL injection attempt in ID 
(2 ms)
  requestId middleware
    ΓêÜ generates X-Request-ID when not 
provided (1 ms)
    ΓêÜ preserves existing X-Request-ID 
from proxy
  noCache middleware
    ΓêÜ sets cache-control headers
  authMiddleware
    ΓêÜ rejects request without 
Authorization header (1 ms)
    ΓêÜ rejects request with invalid token 
format (1 ms)
    ΓêÜ rejects malformed JWT
    ΓêÜ rejects expired JWT (5 ms)
    ΓêÜ accepts valid JWT and sets 
req.user (2 ms)
  requireRole middleware
    ΓêÜ rejects when no user on request (1 
ms)
    ΓêÜ rejects wrong role
    ΓêÜ accepts correct role (1 ms)
    ΓêÜ accepts any of multiple allowed 
roles

  ΓùÅ sanitizeParams middleware ΓÇ║ 
rejects SQL injection attempt in ID

    
expect(jest.fn()).not.toHaveBeenCalled()

    Expected number of calls: 0
    Received number of calls: 1

    1: called with 0 arguments

    [0m [90m 81 |[39m         
[36mconst[39m { req[33m,[39m 
res[33m,[39m next } [33m=[39m 
createMocks({ params[33m:[39m { 
id[33m:[39m [32m"1; DROP TABLE 
users"[39m } })[33m;[39m
     [90m 82 |[39m         
sanitizeParams(req[33m,[39m 
res[33m,[39m next)[33m;[39m
    [31m[1m>[22m[39m[90m 83 |[39m    
     expect(next)[33m.[39mnot[33m.[39mt
oHaveBeenCalled()[33m;[39m
     [90m    |[39m                       
   [31m[1m^[22m[39m
     [90m 84 |[39m         expect(res[33
m.[39mstatusCode)[33m.[39mtoBe([35m400
[39m)[33m;[39m
     [90m 85 |[39m     })[33m;[39m
     [90m 86 |[39m })[33m;[39m[0m

      at Object.toHaveBeenCalled 
(__tests__/unit/security.test.js:83:26)

